Archive member included because of file (symbol)

c:/winavr-20100110/bin/../lib/gcc/avr/4.3.3/avr5\libgcc.a(_udivmodhi4.o)
                              ./HAL/Lcd/Lcd.o (__udivmodhi4)
c:/winavr-20100110/bin/../lib/gcc/avr/4.3.3/avr5\libgcc.a(_exit.o)
                              c:/winavr-20100110/bin/../lib/gcc/avr/4.3.3/../../../../avr/lib/avr5/crtm32.o (exit)
c:/winavr-20100110/bin/../lib/gcc/avr/4.3.3/avr5\libgcc.a(_copy_data.o)
                              ./MCAL/Dio/Dio_prog.o (__do_copy_data)
c:/winavr-20100110/bin/../lib/gcc/avr/4.3.3/avr5\libgcc.a(_clear_bss.o)
                              ./MCAL/Timer/Timer.o (__do_clear_bss)
c:/winavr-20100110/bin/../lib/gcc/avr/4.3.3/../../../../avr/lib/avr5\libc.a(strcmp.o)
                              ./APP/main.o (strcmp)

Allocating common symbols
Common symbol       size              file

Copy_counter        0x2               ./APP/main.o

Memory Configuration

Name             Origin             Length             Attributes
text             0x00000000         0x00020000         xr
data             0x00800060         0x0000ffa0         rw !x
eeprom           0x00810000         0x00010000         rw !x
fuse             0x00820000         0x00000400         rw !x
lock             0x00830000         0x00000400         rw !x
signature        0x00840000         0x00000400         rw !x
*default*        0x00000000         0xffffffff

Linker script and memory map

LOAD c:/winavr-20100110/bin/../lib/gcc/avr/4.3.3/../../../../avr/lib/avr5/crtm32.o
LOAD ./MCAL/Timer/Timer.o
LOAD ./MCAL/EXT_INTERRUPTS/EXT_INTERRUPTS.o
LOAD ./MCAL/Dio/Dio_prog.o
LOAD ./HAL/Lcd/Lcd.o
LOAD ./HAL/KPD/KPD_program.o
LOAD ./APP/main.o
LOAD c:/winavr-20100110/bin/../lib/gcc/avr/4.3.3/avr5\libgcc.a
LOAD c:/winavr-20100110/bin/../lib/gcc/avr/4.3.3/../../../../avr/lib/avr5\libc.a
LOAD c:/winavr-20100110/bin/../lib/gcc/avr/4.3.3/avr5\libgcc.a

.hash
 *(.hash)

.dynsym
 *(.dynsym)

.dynstr
 *(.dynstr)

.gnu.version
 *(.gnu.version)

.gnu.version_d
 *(.gnu.version_d)

.gnu.version_r
 *(.gnu.version_r)

.rel.init
 *(.rel.init)

.rela.init
 *(.rela.init)

.rel.text
 *(.rel.text)
 *(.rel.text.*)
 *(.rel.gnu.linkonce.t*)

.rela.text
 *(.rela.text)
 *(.rela.text.*)
 *(.rela.gnu.linkonce.t*)

.rel.fini
 *(.rel.fini)

.rela.fini
 *(.rela.fini)

.rel.rodata
 *(.rel.rodata)
 *(.rel.rodata.*)
 *(.rel.gnu.linkonce.r*)

.rela.rodata
 *(.rela.rodata)
 *(.rela.rodata.*)
 *(.rela.gnu.linkonce.r*)

.rel.data
 *(.rel.data)
 *(.rel.data.*)
 *(.rel.gnu.linkonce.d*)

.rela.data
 *(.rela.data)
 *(.rela.data.*)
 *(.rela.gnu.linkonce.d*)

.rel.ctors
 *(.rel.ctors)

.rela.ctors
 *(.rela.ctors)

.rel.dtors
 *(.rel.dtors)

.rela.dtors
 *(.rela.dtors)

.rel.got
 *(.rel.got)

.rela.got
 *(.rela.got)

.rel.bss
 *(.rel.bss)

.rela.bss
 *(.rela.bss)

.rel.plt
 *(.rel.plt)

.rela.plt
 *(.rela.plt)

.text           0x00000000     0x131a
 *(.vectors)
 .vectors       0x00000000       0x54 c:/winavr-20100110/bin/../lib/gcc/avr/4.3.3/../../../../avr/lib/avr5/crtm32.o
                0x00000000                __vectors
                0x00000000                __vector_default
 *(.vectors)
 *(.progmem.gcc*)
 *(.progmem*)
                0x00000054                . = ALIGN (0x2)
                0x00000054                __trampolines_start = .
 *(.trampolines)
 .trampolines   0x00000054        0x0 linker stubs
 *(.trampolines*)
                0x00000054                __trampolines_end = .
 *(.jumptables)
 *(.jumptables*)
 *(.lowtext)
 *(.lowtext*)
                0x00000054                __ctors_start = .
 *(.ctors)
                0x00000054                __ctors_end = .
                0x00000054                __dtors_start = .
 *(.dtors)
                0x00000054                __dtors_end = .
 SORT(*)(.ctors)
 SORT(*)(.dtors)
 *(.init0)
 .init0         0x00000054        0x0 c:/winavr-20100110/bin/../lib/gcc/avr/4.3.3/../../../../avr/lib/avr5/crtm32.o
                0x00000054                __init
 *(.init0)
 *(.init1)
 *(.init1)
 *(.init2)
 .init2         0x00000054        0xc c:/winavr-20100110/bin/../lib/gcc/avr/4.3.3/../../../../avr/lib/avr5/crtm32.o
 *(.init2)
 *(.init3)
 *(.init3)
 *(.init4)
 .init4         0x00000060       0x16 c:/winavr-20100110/bin/../lib/gcc/avr/4.3.3/avr5\libgcc.a(_copy_data.o)
                0x00000060                __do_copy_data
 .init4         0x00000076       0x10 c:/winavr-20100110/bin/../lib/gcc/avr/4.3.3/avr5\libgcc.a(_clear_bss.o)
                0x00000076                __do_clear_bss
 *(.init4)
 *(.init5)
 *(.init5)
 *(.init6)
 *(.init6)
 *(.init7)
 *(.init7)
 *(.init8)
 *(.init8)
 *(.init9)
 .init9         0x00000086        0x8 c:/winavr-20100110/bin/../lib/gcc/avr/4.3.3/../../../../avr/lib/avr5/crtm32.o
 *(.init9)
 *(.text)
 .text          0x0000008e        0x4 c:/winavr-20100110/bin/../lib/gcc/avr/4.3.3/../../../../avr/lib/avr5/crtm32.o
                0x0000008e                __vector_12
                0x0000008e                __bad_interrupt
                0x0000008e                __vector_6
                0x0000008e                __vector_13
                0x0000008e                __vector_17
                0x0000008e                __vector_19
                0x0000008e                __vector_7
                0x0000008e                __vector_5
                0x0000008e                __vector_4
                0x0000008e                __vector_9
                0x0000008e                __vector_15
                0x0000008e                __vector_8
                0x0000008e                __vector_14
                0x0000008e                __vector_10
                0x0000008e                __vector_16
                0x0000008e                __vector_18
                0x0000008e                __vector_20
 .text          0x00000092        0x0 ./MCAL/Timer/Timer.o
 .text          0x00000092        0x0 ./MCAL/EXT_INTERRUPTS/EXT_INTERRUPTS.o
 .text          0x00000092        0x0 ./MCAL/Dio/Dio_prog.o
 .text          0x00000092        0x0 ./HAL/Lcd/Lcd.o
 .text          0x00000092        0x0 ./HAL/KPD/KPD_program.o
 .text          0x00000092        0x0 ./APP/main.o
 .text          0x00000092        0x0 c:/winavr-20100110/bin/../lib/gcc/avr/4.3.3/avr5\libgcc.a(_udivmodhi4.o)
 .text          0x00000092        0x0 c:/winavr-20100110/bin/../lib/gcc/avr/4.3.3/avr5\libgcc.a(_exit.o)
 .text          0x00000092        0x0 c:/winavr-20100110/bin/../lib/gcc/avr/4.3.3/avr5\libgcc.a(_copy_data.o)
 .text          0x00000092        0x0 c:/winavr-20100110/bin/../lib/gcc/avr/4.3.3/avr5\libgcc.a(_clear_bss.o)
 .text          0x00000092        0x0 c:/winavr-20100110/bin/../lib/gcc/avr/4.3.3/../../../../avr/lib/avr5\libc.a(strcmp.o)
                0x00000092                . = ALIGN (0x2)
 *(.text.*)
 .text.Timer0_Init
                0x00000092       0xc2 ./MCAL/Timer/Timer.o
                0x00000092                Timer0_Init
 .text.Timer0_OVInterrupt_Enable
                0x00000154        0xc ./MCAL/Timer/Timer.o
                0x00000154                Timer0_OVInterrupt_Enable
 .text.Timer0_OVInterrupt_Disable
                0x00000160        0xc ./MCAL/Timer/Timer.o
                0x00000160                Timer0_OVInterrupt_Disable
 .text.Timer0_OVF_SetCallBack
                0x0000016c        0xa ./MCAL/Timer/Timer.o
                0x0000016c                Timer0_OVF_SetCallBack
 .text.__vector_11
                0x00000176       0x52 ./MCAL/Timer/Timer.o
                0x00000176                __vector_11
 .text.EXI_Set_CallBack
                0x000001c8       0x2c ./MCAL/EXT_INTERRUPTS/EXT_INTERRUPTS.o
                0x000001c8                EXI_Set_CallBack
 .text.EXI_ENABLE
                0x000001f4       0x32 ./MCAL/EXT_INTERRUPTS/EXT_INTERRUPTS.o
                0x000001f4                EXI_ENABLE
 .text.EXI_DISABLE
                0x00000226       0x32 ./MCAL/EXT_INTERRUPTS/EXT_INTERRUPTS.o
                0x00000226                EXI_DISABLE
 .text.EXI_TriggerEdge
                0x00000258       0xf4 ./MCAL/EXT_INTERRUPTS/EXT_INTERRUPTS.o
                0x00000258                EXI_TriggerEdge
 .text.__vector_1
                0x0000034c       0x52 ./MCAL/EXT_INTERRUPTS/EXT_INTERRUPTS.o
                0x0000034c                __vector_1
 .text.__vector_2
                0x0000039e       0x52 ./MCAL/EXT_INTERRUPTS/EXT_INTERRUPTS.o
                0x0000039e                __vector_2
 .text.__vector_3
                0x000003f0       0x52 ./MCAL/EXT_INTERRUPTS/EXT_INTERRUPTS.o
                0x000003f0                __vector_3
 .text.DIO_ES_tSetPinDirection
                0x00000442      0x126 ./MCAL/Dio/Dio_prog.o
                0x00000442                DIO_ES_tSetPinDirection
 .text.DIO_ES_tSetPinValue
                0x00000568      0x126 ./MCAL/Dio/Dio_prog.o
                0x00000568                DIO_ES_tSetPinValue
 .text.DIO_ES_tGetPinValue
                0x0000068e       0x72 ./MCAL/Dio/Dio_prog.o
                0x0000068e                DIO_ES_tGetPinValue
 .text.DIO_ES_tSetPortDirection
                0x00000700       0x3a ./MCAL/Dio/Dio_prog.o
                0x00000700                DIO_ES_tSetPortDirection
 .text.DIO_ES_tSetPortValue
                0x0000073a       0x62 ./MCAL/Dio/Dio_prog.o
                0x0000073a                DIO_ES_tSetPortValue
 .text.DIO_ES_tTOGPin
                0x0000079c       0x8a ./MCAL/Dio/Dio_prog.o
                0x0000079c                DIO_ES_tTOGPin
 .text.DIO_ES_tInit
                0x00000826      0x206 ./MCAL/Dio/Dio_prog.o
                0x00000826                DIO_ES_tInit
 .text.LCD_ES_tTrigger_Enable
                0x00000a2c       0x26 ./HAL/Lcd/Lcd.o
 .text.Lcd_ES_tsendChar
                0x00000a52      0x120 ./HAL/Lcd/Lcd.o
                0x00000a52                Lcd_ES_tsendChar
 .text.Lcd_ES_tdisplayNum
                0x00000b72       0xa8 ./HAL/Lcd/Lcd.o
                0x00000b72                Lcd_ES_tdisplayNum
 .text.Lcd_ES_tsendString
                0x00000c1a       0x40 ./HAL/Lcd/Lcd.o
                0x00000c1a                Lcd_ES_tsendString
 .text.Lcd_ES_tsendCmd
                0x00000c5a      0x120 ./HAL/Lcd/Lcd.o
                0x00000c5a                Lcd_ES_tsendCmd
 .text.LCD_ES_tGoTo
                0x00000d7a       0x30 ./HAL/Lcd/Lcd.o
                0x00000d7a                LCD_ES_tGoTo
 .text.lcd_ES_tclear
                0x00000daa       0x12 ./HAL/Lcd/Lcd.o
                0x00000daa                lcd_ES_tclear
 .text.Lcd_ES_tInit
                0x00000dbc       0x28 ./HAL/Lcd/Lcd.o
                0x00000dbc                Lcd_ES_tInit
 .text.Lcd_ES_tsendChar_xy
                0x00000de4       0x7e ./HAL/Lcd/Lcd.o
                0x00000de4                Lcd_ES_tsendChar_xy
 .text.Lcd_ES_tdisplayNum_xy
                0x00000e62       0x82 ./HAL/Lcd/Lcd.o
                0x00000e62                Lcd_ES_tdisplayNum_xy
 .text.Lcd_ES_tsendString_xy
                0x00000ee4       0x52 ./HAL/Lcd/Lcd.o
                0x00000ee4                Lcd_ES_tsendString_xy
 .text.KPD_ES_tGetKeyPressed
                0x00000f36      0x192 ./HAL/KPD/KPD_program.o
                0x00000f36                KPD_ES_tGetKeyPressed
 .text.LED_ON   0x000010c8        0xc ./APP/main.o
                0x000010c8                LED_ON
 .text.main     0x000010d4      0x18c ./APP/main.o
                0x000010d4                main
 .text.delay    0x00001260       0x7c ./APP/main.o
                0x00001260                delay
 .text.libgcc   0x000012dc       0x28 c:/winavr-20100110/bin/../lib/gcc/avr/4.3.3/avr5\libgcc.a(_udivmodhi4.o)
                0x000012dc                __udivmodhi4
 .text.libgcc   0x00001304        0x0 c:/winavr-20100110/bin/../lib/gcc/avr/4.3.3/avr5\libgcc.a(_exit.o)
 .text.libgcc   0x00001304        0x0 c:/winavr-20100110/bin/../lib/gcc/avr/4.3.3/avr5\libgcc.a(_copy_data.o)
 .text.libgcc   0x00001304        0x0 c:/winavr-20100110/bin/../lib/gcc/avr/4.3.3/avr5\libgcc.a(_clear_bss.o)
 .text.avr-libc
                0x00001304       0x12 c:/winavr-20100110/bin/../lib/gcc/avr/4.3.3/../../../../avr/lib/avr5\libc.a(strcmp.o)
                0x00001304                strcmp
                0x00001316                . = ALIGN (0x2)
 *(.fini9)
 .fini9         0x00001316        0x0 c:/winavr-20100110/bin/../lib/gcc/avr/4.3.3/avr5\libgcc.a(_exit.o)
                0x00001316                exit
                0x00001316                _exit
 *(.fini9)
 *(.fini8)
 *(.fini8)
 *(.fini7)
 *(.fini7)
 *(.fini6)
 *(.fini6)
 *(.fini5)
 *(.fini5)
 *(.fini4)
 *(.fini4)
 *(.fini3)
 *(.fini3)
 *(.fini2)
 *(.fini2)
 *(.fini1)
 *(.fini1)
 *(.fini0)
 .fini0         0x00001316        0x4 c:/winavr-20100110/bin/../lib/gcc/avr/4.3.3/avr5\libgcc.a(_exit.o)
 *(.fini0)
                0x0000131a                _etext = .

.data           0x00800060       0xc6 load address 0x0000131a
                0x00800060                PROVIDE (__data_start, .)
 *(.data)
 .data          0x00800060        0x0 c:/winavr-20100110/bin/../lib/gcc/avr/4.3.3/../../../../avr/lib/avr5/crtm32.o
 .data          0x00800060        0x0 ./MCAL/Timer/Timer.o
 .data          0x00800060        0x0 ./MCAL/EXT_INTERRUPTS/EXT_INTERRUPTS.o
 .data          0x00800060        0x0 ./MCAL/Dio/Dio_prog.o
 .data          0x00800060        0x0 ./HAL/Lcd/Lcd.o
 .data          0x00800060        0x0 ./HAL/KPD/KPD_program.o
 .data          0x00800060       0x61 ./APP/main.o
 .data          0x008000c1        0x0 c:/winavr-20100110/bin/../lib/gcc/avr/4.3.3/avr5\libgcc.a(_udivmodhi4.o)
 .data          0x008000c1        0x0 c:/winavr-20100110/bin/../lib/gcc/avr/4.3.3/avr5\libgcc.a(_exit.o)
 .data          0x008000c1        0x0 c:/winavr-20100110/bin/../lib/gcc/avr/4.3.3/avr5\libgcc.a(_copy_data.o)
 .data          0x008000c1        0x0 c:/winavr-20100110/bin/../lib/gcc/avr/4.3.3/avr5\libgcc.a(_clear_bss.o)
 .data          0x008000c1        0x0 c:/winavr-20100110/bin/../lib/gcc/avr/4.3.3/../../../../avr/lib/avr5\libc.a(strcmp.o)
 *(.data*)
 .data.Dio_CfgPinsArray
                0x008000c1       0x48 ./MCAL/Dio/Dio_prog.o
                0x008000c1                Dio_CfgPinsArray
 .data.password
                0x00800109        0x5 ./APP/main.o
                0x00800109                password
 *(.rodata)
 *(.rodata*)
 .rodata.KPD_Au8Keys
                0x0080010e       0x10 ./HAL/KPD/KPD_program.o
                0x0080010e                KPD_Au8Keys
 .rodata.KPD_Au8RowsPins
                0x0080011e        0x4 ./HAL/KPD/KPD_program.o
                0x0080011e                KPD_Au8RowsPins
 .rodata.KPD_Au8ColsPins
                0x00800122        0x4 ./HAL/KPD/KPD_program.o
                0x00800122                KPD_Au8ColsPins
 *(.gnu.linkonce.d*)
                0x00800126                . = ALIGN (0x2)
                0x00800126                _edata = .
                0x00800126                PROVIDE (__data_end, .)

.bss            0x00800126       0x13
                0x00800126                PROVIDE (__bss_start, .)
 *(.bss)
 .bss           0x00800126        0x0 c:/winavr-20100110/bin/../lib/gcc/avr/4.3.3/../../../../avr/lib/avr5/crtm32.o
 .bss           0x00800126        0x0 ./MCAL/Timer/Timer.o
 .bss           0x00800126        0x0 ./MCAL/EXT_INTERRUPTS/EXT_INTERRUPTS.o
 .bss           0x00800126        0x0 ./MCAL/Dio/Dio_prog.o
 .bss           0x00800126        0x0 ./HAL/Lcd/Lcd.o
 .bss           0x00800126        0x0 ./HAL/KPD/KPD_program.o
 .bss           0x00800126        0x0 ./APP/main.o
 .bss           0x00800126        0x0 c:/winavr-20100110/bin/../lib/gcc/avr/4.3.3/avr5\libgcc.a(_udivmodhi4.o)
 .bss           0x00800126        0x0 c:/winavr-20100110/bin/../lib/gcc/avr/4.3.3/avr5\libgcc.a(_exit.o)
 .bss           0x00800126        0x0 c:/winavr-20100110/bin/../lib/gcc/avr/4.3.3/avr5\libgcc.a(_copy_data.o)
 .bss           0x00800126        0x0 c:/winavr-20100110/bin/../lib/gcc/avr/4.3.3/avr5\libgcc.a(_clear_bss.o)
 .bss           0x00800126        0x0 c:/winavr-20100110/bin/../lib/gcc/avr/4.3.3/../../../../avr/lib/avr5\libc.a(strcmp.o)
 *(.bss*)
 .bss.Timer0_OVF_Fptr
                0x00800126        0x2 ./MCAL/Timer/Timer.o
 .bss.INT2_Fptr
                0x00800128        0x2 ./MCAL/EXT_INTERRUPTS/EXT_INTERRUPTS.o
 .bss.INT1_Fptr
                0x0080012a        0x2 ./MCAL/EXT_INTERRUPTS/EXT_INTERRUPTS.o
 .bss.INT0_Fptr
                0x0080012c        0x2 ./MCAL/EXT_INTERRUPTS/EXT_INTERRUPTS.o
 .bss.countOverflows
                0x0080012e        0x2 ./APP/main.o
                0x0080012e                countOverflows
 .bss.flag      0x00800130        0x1 ./APP/main.o
                0x00800130                flag
 .bss.input     0x00800131        0x5 ./APP/main.o
                0x00800131                input
 .bss.indexz    0x00800136        0x1 ./APP/main.o
                0x00800136                indexz
 *(COMMON)
 COMMON         0x00800137        0x2 ./APP/main.o
                0x00800137                Copy_counter
                0x00800139                PROVIDE (__bss_end, .)
                0x0000131a                __data_load_start = LOADADDR (.data)
                0x000013e0                __data_load_end = (__data_load_start + SIZEOF (.data))

.noinit         0x00800139        0x0
                0x00800139                PROVIDE (__noinit_start, .)
 *(.noinit*)
                0x00800139                PROVIDE (__noinit_end, .)
                0x00800139                _end = .
                0x00800139                PROVIDE (__heap_start, .)

.eeprom         0x00810000        0x0
 *(.eeprom*)
                0x00810000                __eeprom_end = .

.fuse
 *(.fuse)
 *(.lfuse)
 *(.hfuse)
 *(.efuse)

.lock
 *(.lock*)

.signature
 *(.signature*)

.stab           0x00000000     0x2ac0
 *(.stab)
 .stab          0x00000000      0x3cc ./MCAL/Timer/Timer.o
 .stab          0x000003cc      0x4bc ./MCAL/EXT_INTERRUPTS/EXT_INTERRUPTS.o
                                0x4c8 (size before relaxing)
 .stab          0x00000888      0x9b4 ./MCAL/Dio/Dio_prog.o
                                0x9c0 (size before relaxing)
 .stab          0x0000123c      0xc3c ./HAL/Lcd/Lcd.o
                                0xc48 (size before relaxing)
 .stab          0x00001e78      0x438 ./HAL/KPD/KPD_program.o
                                0x5d0 (size before relaxing)
 .stab          0x000022b0      0x810 ./APP/main.o
                                0x9cc (size before relaxing)

.stabstr        0x00000000     0x1e40
 *(.stabstr)
 .stabstr       0x00000000     0x1e40 ./MCAL/Timer/Timer.o

.stab.excl
 *(.stab.excl)

.stab.exclstr
 *(.stab.exclstr)

.stab.index
 *(.stab.index)

.stab.indexstr
 *(.stab.indexstr)

.comment
 *(.comment)

.debug
 *(.debug)

.line
 *(.line)

.debug_srcinfo
 *(.debug_srcinfo)

.debug_sfnames
 *(.debug_sfnames)

.debug_aranges
 *(.debug_aranges)

.debug_pubnames
 *(.debug_pubnames)

.debug_info
 *(.debug_info)
 *(.gnu.linkonce.wi.*)

.debug_abbrev
 *(.debug_abbrev)

.debug_line
 *(.debug_line)

.debug_frame
 *(.debug_frame)

.debug_str
 *(.debug_str)

.debug_loc
 *(.debug_loc)

.debug_macinfo
 *(.debug_macinfo)
OUTPUT(Garage_System.elf elf32-avr)
LOAD linker stubs
